Copyright 1986-2019 Xilinx, Inc. All Rights Reserved.
---------------------------------------------------------------------------------------------------
| Tool Version : Vivado v.2019.1 (lin64) Build 2552052 Fri May 24 14:47:09 MDT 2019
| Date         : Tue Apr 21 00:11:04 2020
| Host         : QuantumNet-L4 running 64-bit Arch Linux
| Command      : report_clock_utilization -file skrach_design_wrapper_clock_utilization_routed.rpt
| Design       : skrach_design_wrapper
| Device       : 7a200t-sbg484
| Speed File   : -1  PRODUCTION 1.23 2018-06-13
| Design State : Routed
---------------------------------------------------------------------------------------------------

Clock Utilization Report

Table of Contents
-----------------
1. Clock Primitive Utilization
2. Global Clock Resources
3. Global Clock Source Details
4. Local Clock Details
5. Clock Regions: Key Resource Utilization
6. Clock Regions : Global Clock Summary
7. Device Cell Placement Summary for Global Clock g0
8. Device Cell Placement Summary for Global Clock g1
9. Device Cell Placement Summary for Global Clock g2
10. Device Cell Placement Summary for Global Clock g3
11. Device Cell Placement Summary for Global Clock g4
12. Device Cell Placement Summary for Global Clock g5
13. Device Cell Placement Summary for Global Clock g6
14. Device Cell Placement Summary for Global Clock g7
15. Device Cell Placement Summary for Global Clock g8
16. Device Cell Placement Summary for Global Clock g9
17. Device Cell Placement Summary for Global Clock g10
18. Device Cell Placement Summary for Global Clock g11
19. Clock Region Cell Placement per Global Clock: Region X0Y0
20. Clock Region Cell Placement per Global Clock: Region X1Y0
21. Clock Region Cell Placement per Global Clock: Region X0Y1
22. Clock Region Cell Placement per Global Clock: Region X1Y1
23. Clock Region Cell Placement per Global Clock: Region X0Y2
24. Clock Region Cell Placement per Global Clock: Region X1Y2
25. Clock Region Cell Placement per Global Clock: Region X0Y3
26. Clock Region Cell Placement per Global Clock: Region X1Y3
27. Clock Region Cell Placement per Global Clock: Region X1Y4

1. Clock Primitive Utilization
------------------------------

+----------+------+-----------+-----+--------------+--------+
| Type     | Used | Available | LOC | Clock Region | Pblock |
+----------+------+-----------+-----+--------------+--------+
| BUFGCTRL |    9 |        32 |   0 |            0 |      0 |
| BUFH     |    3 |       120 |   0 |            0 |      0 |
| BUFIO    |    0 |        40 |   0 |            0 |      0 |
| BUFMR    |    0 |        20 |   0 |            0 |      0 |
| BUFR     |    0 |        40 |   0 |            0 |      0 |
| MMCM     |    3 |        10 |   1 |            0 |      0 |
| PLL      |    1 |        10 |   1 |            0 |      0 |
+----------+------+-----------+-----+--------------+--------+


2. Global Clock Resources
-------------------------

+-----------+-----------+-----------------+------------+----------------+--------------+-------------------+-------------+-----------------+--------------+-----------------------------------------------------------------+-------------------------------------------------------------------------------------------------------------------------+----------------------------------------------------------------------------------------------------------------------------------+
| Global Id | Source Id | Driver Type/Pin | Constraint | Site           | Clock Region | Load Clock Region | Clock Loads | Non-Clock Loads | Clock Period | Clock                                                           | Driver Pin                                                                                                              | Net                                                                                                                              |
+-----------+-----------+-----------------+------------+----------------+--------------+-------------------+-------------+-----------------+--------------+-----------------------------------------------------------------+-------------------------------------------------------------------------------------------------------------------------+----------------------------------------------------------------------------------------------------------------------------------+
| g0        | src0      | BUFG/O          | None       | BUFGCTRL_X0Y16 | n/a          |                 4 |        6551 |               0 |       10.000 | clk_pll_i                                                       | skrach_design_i/mig_7series_0/u_skrach_design_mig_7series_0_2_mig/u_ddr3_infrastructure/u_bufg_clkdiv0/O                | skrach_design_i/mig_7series_0/u_skrach_design_mig_7series_0_2_mig/u_ddr3_infrastructure/CLK                                      |
| g1        | src1      | BUFG/O          | None       | BUFGCTRL_X0Y2  | n/a          |                 7 |        4231 |               0 |       10.000 | clk_out1_skrach_design_clk_wiz_1_2                              | skrach_design_i/clk_wiz_1/inst/clkout1_buf/O                                                                            | skrach_design_i/clk_wiz_1/inst/clk_out1                                                                                          |
| g2        | src2      | BUFG/O          | None       | BUFGCTRL_X0Y3  | n/a          |                 2 |         235 |               0 |       33.333 | skrach_design_i/mdm_1/U0/Use_E2.BSCAN_I/Use_E2.BSCANE2_I/DRCK   | skrach_design_i/mdm_1/U0/No_Dbg_Reg_Access.BUFG_DRCK/Using_FPGA.Native/O                                                | skrach_design_i/mdm_1/U0/No_Dbg_Reg_Access.BUFG_DRCK/Ext_JTAG_DRCK                                                               |
| g3        | src3      | BUFGCTRL/O      | None       | BUFGCTRL_X0Y4  | n/a          |                 1 |         115 |               0 |       20.000 | clk_out2_clk_wiz_0_1                                            | skrach_design_i/lab4_ip_0/U0/lab4_ip_v1_0_S00_AXI_inst/dp_inst/audio_inst/audiocodec_master_clock/inst/clkout2_buf/O    | skrach_design_i/lab4_ip_0/U0/lab4_ip_v1_0_S00_AXI_inst/dp_inst/audio_inst/audiocodec_master_clock/inst/clk_out2                  |
| g4        | src3      | BUFH/O          | None       | BUFHCE_X0Y1    | X0Y0         |                 1 |           8 |               0 |       20.000 | clk_out2_clk_wiz_0_1                                            | skrach_design_i/lab4_ip_0/U0/lab4_ip_v1_0_S00_AXI_inst/dp_inst/audio_inst/audiocodec_master_clock/inst/clkout2_buf_en/O | skrach_design_i/lab4_ip_0/U0/lab4_ip_v1_0_S00_AXI_inst/dp_inst/audio_inst/audiocodec_master_clock/inst/clk_out2_clk_wiz_0_en_clk |
| g5        | src1      | BUFG/O          | None       | BUFGCTRL_X0Y0  | n/a          |                 2 |          63 |               0 |        5.000 | clk_out2_skrach_design_clk_wiz_1_2                              | skrach_design_i/clk_wiz_1/inst/clkout2_buf/O                                                                            | skrach_design_i/clk_wiz_1/inst/clk_out2                                                                                          |
| g6        | src2      | BUFG/O          | None       | BUFGCTRL_X0Y5  | n/a          |                 2 |          39 |               0 |       33.333 | skrach_design_i/mdm_1/U0/Use_E2.BSCAN_I/Use_E2.BSCANE2_I/UPDATE | skrach_design_i/mdm_1/U0/Dbg_Update_0_BUFG_inst/O                                                                       | skrach_design_i/mdm_1/U0/Dbg_Update_0                                                                                            |
| g7        | src3      | BUFH/O          | None       | BUFHCE_X0Y0    | X0Y0         |                 1 |           8 |               0 |       81.375 | clk_out1_clk_wiz_0_1                                            | skrach_design_i/lab4_ip_0/U0/lab4_ip_v1_0_S00_AXI_inst/dp_inst/audio_inst/audiocodec_master_clock/inst/clkout1_buf_en/O | skrach_design_i/lab4_ip_0/U0/lab4_ip_v1_0_S00_AXI_inst/dp_inst/audio_inst/audiocodec_master_clock/inst/clk_out1_clk_wiz_0_en_clk |
| g8        | src3      | BUFGCTRL/O      | None       | BUFGCTRL_X0Y1  | n/a          |                 1 |           0 |               1 |       81.375 | clk_out1_clk_wiz_0_1                                            | skrach_design_i/lab4_ip_0/U0/lab4_ip_v1_0_S00_AXI_inst/dp_inst/audio_inst/audiocodec_master_clock/inst/clkout1_buf/O    | skrach_design_i/lab4_ip_0/U0/lab4_ip_v1_0_S00_AXI_inst/dp_inst/audio_inst/audiocodec_master_clock/inst/clk_out1                  |
| g9        | src1      | BUFG/O          | None       | BUFGCTRL_X0Y6  | n/a          |                 1 |           1 |               0 |       10.000 | clkfbout_skrach_design_clk_wiz_1_2                              | skrach_design_i/clk_wiz_1/inst/clkf_buf/O                                                                               | skrach_design_i/clk_wiz_1/inst/clkfbout_buf_skrach_design_clk_wiz_1_2                                                            |
| g10       | src3      | BUFG/O          | None       | BUFGCTRL_X0Y7  | n/a          |                 1 |           1 |               0 |       10.000 | clkfbout_clk_wiz_0_1                                            | skrach_design_i/lab4_ip_0/U0/lab4_ip_v1_0_S00_AXI_inst/dp_inst/audio_inst/audiocodec_master_clock/inst/clkf_buf/O       | skrach_design_i/lab4_ip_0/U0/lab4_ip_v1_0_S00_AXI_inst/dp_inst/audio_inst/audiocodec_master_clock/inst/clkfbout_buf_clk_wiz_0    |
| g11       | src4      | BUFH/O          | None       | BUFHCE_X1Y36   | X1Y3         |                 1 |           1 |               0 |       10.000 | pll_clk3_out                                                    | skrach_design_i/mig_7series_0/u_skrach_design_mig_7series_0_2_mig/u_ddr3_infrastructure/u_bufh_pll_clk3/O               | skrach_design_i/mig_7series_0/u_skrach_design_mig_7series_0_2_mig/u_ddr3_infrastructure/pll_clk3                                 |
+-----------+-----------+-----------------+------------+----------------+--------------+-------------------+-------------+-----------------+--------------+-----------------------------------------------------------------+-------------------------------------------------------------------------------------------------------------------------+----------------------------------------------------------------------------------------------------------------------------------+
* Clock Loads column represents the clock pin loads (pin count)
** Non-Clock Loads column represents the non-clock pin loads (pin count)


3. Global Clock Source Details
------------------------------

+-----------+-----------+---------------------+-----------------+-----------------+--------------+-------------+-----------------+---------------------+-----------------------------------------------------------------+-------------------------------------------------------------------------------------------------------------------------------+---------------------------------------------------------------------------------------------------------------------------+
| Source Id | Global Id | Driver Type/Pin     | Constraint      | Site            | Clock Region | Clock Loads | Non-Clock Loads | Source Clock Period | Source Clock                                                    | Driver Pin                                                                                                                    | Net                                                                                                                       |
+-----------+-----------+---------------------+-----------------+-----------------+--------------+-------------+-----------------+---------------------+-----------------------------------------------------------------+-------------------------------------------------------------------------------------------------------------------------------+---------------------------------------------------------------------------------------------------------------------------+
| src0      | g0        | MMCME2_ADV/CLKFBOUT | MMCME2_ADV_X1Y3 | MMCME2_ADV_X1Y3 | X1Y3         |           1 |               0 |              10.000 | clk_pll_i                                                       | skrach_design_i/mig_7series_0/u_skrach_design_mig_7series_0_2_mig/u_ddr3_infrastructure/gen_mmcm.mmcm_i/CLKFBOUT              | skrach_design_i/mig_7series_0/u_skrach_design_mig_7series_0_2_mig/u_ddr3_infrastructure/clk_pll_i                         |
| src1      | g1        | MMCME2_ADV/CLKOUT0  | None            | MMCME2_ADV_X1Y2 | X1Y2         |           1 |               0 |              10.000 | clk_out1_skrach_design_clk_wiz_1_2                              | skrach_design_i/clk_wiz_1/inst/mmcm_adv_inst/CLKOUT0                                                                          | skrach_design_i/clk_wiz_1/inst/clk_out1_skrach_design_clk_wiz_1_2                                                         |
| src1      | g5        | MMCME2_ADV/CLKOUT1  | None            | MMCME2_ADV_X1Y2 | X1Y2         |           1 |               0 |               5.000 | clk_out2_skrach_design_clk_wiz_1_2                              | skrach_design_i/clk_wiz_1/inst/mmcm_adv_inst/CLKOUT1                                                                          | skrach_design_i/clk_wiz_1/inst/clk_out2_skrach_design_clk_wiz_1_2                                                         |
| src1      | g9        | MMCME2_ADV/CLKFBOUT | None            | MMCME2_ADV_X1Y2 | X1Y2         |           1 |               0 |              10.000 | clkfbout_skrach_design_clk_wiz_1_2                              | skrach_design_i/clk_wiz_1/inst/mmcm_adv_inst/CLKFBOUT                                                                         | skrach_design_i/clk_wiz_1/inst/clkfbout_skrach_design_clk_wiz_1_2                                                         |
| src2      | g2        | BSCANE2/DRCK        | None            | BSCAN_X0Y1      | X0Y2         |           1 |               0 |              33.333 | skrach_design_i/mdm_1/U0/Use_E2.BSCAN_I/Use_E2.BSCANE2_I/DRCK   | skrach_design_i/mdm_1/U0/Use_E2.BSCAN_I/Use_E2.BSCANE2_I/DRCK                                                                 | skrach_design_i/mdm_1/U0/Use_E2.BSCAN_I/DRCK                                                                              |
| src2      | g6        | BSCANE2/UPDATE      | None            | BSCAN_X0Y1      | X0Y2         |           1 |               1 |              33.333 | skrach_design_i/mdm_1/U0/Use_E2.BSCAN_I/Use_E2.BSCANE2_I/UPDATE | skrach_design_i/mdm_1/U0/Use_E2.BSCAN_I/Use_E2.BSCANE2_I/UPDATE                                                               | skrach_design_i/mdm_1/U0/Use_E2.BSCAN_I/Dbg_Update_0                                                                      |
| src3      | g7, g8    | MMCME2_ADV/CLKOUT0  | None            | MMCME2_ADV_X1Y0 | X1Y0         |           2 |               0 |              81.375 | clk_out1_clk_wiz_0_1                                            | skrach_design_i/lab4_ip_0/U0/lab4_ip_v1_0_S00_AXI_inst/dp_inst/audio_inst/audiocodec_master_clock/inst/mmcm_adv_inst/CLKOUT0  | skrach_design_i/lab4_ip_0/U0/lab4_ip_v1_0_S00_AXI_inst/dp_inst/audio_inst/audiocodec_master_clock/inst/clk_out1_clk_wiz_0 |
| src3      | g3, g4    | MMCME2_ADV/CLKOUT1  | None            | MMCME2_ADV_X1Y0 | X1Y0         |           2 |               0 |              20.000 | clk_out2_clk_wiz_0_1                                            | skrach_design_i/lab4_ip_0/U0/lab4_ip_v1_0_S00_AXI_inst/dp_inst/audio_inst/audiocodec_master_clock/inst/mmcm_adv_inst/CLKOUT1  | skrach_design_i/lab4_ip_0/U0/lab4_ip_v1_0_S00_AXI_inst/dp_inst/audio_inst/audiocodec_master_clock/inst/clk_out2_clk_wiz_0 |
| src3      | g10       | MMCME2_ADV/CLKFBOUT | None            | MMCME2_ADV_X1Y0 | X1Y0         |           1 |               0 |              10.000 | clkfbout_clk_wiz_0_1                                            | skrach_design_i/lab4_ip_0/U0/lab4_ip_v1_0_S00_AXI_inst/dp_inst/audio_inst/audiocodec_master_clock/inst/mmcm_adv_inst/CLKFBOUT | skrach_design_i/lab4_ip_0/U0/lab4_ip_v1_0_S00_AXI_inst/dp_inst/audio_inst/audiocodec_master_clock/inst/clkfbout_clk_wiz_0 |
| src4      | g11       | PLLE2_ADV/CLKOUT3   | PLLE2_ADV_X1Y3  | PLLE2_ADV_X1Y3  | X1Y3         |           1 |               0 |              10.000 | pll_clk3_out                                                    | skrach_design_i/mig_7series_0/u_skrach_design_mig_7series_0_2_mig/u_ddr3_infrastructure/plle2_i/CLKOUT3                       | skrach_design_i/mig_7series_0/u_skrach_design_mig_7series_0_2_mig/u_ddr3_infrastructure/pll_clk3_out                      |
+-----------+-----------+---------------------+-----------------+-----------------+--------------+-------------+-----------------+---------------------+-----------------------------------------------------------------+-------------------------------------------------------------------------------------------------------------------------------+---------------------------------------------------------------------------------------------------------------------------+
* Clock Loads column represents the clock pin loads (pin count)
** Non-Clock Loads column represents the non-clock pin loads (pin count)


4. Local Clock Details
----------------------

+----------+----------------------------+----------------------+-------------------------------------+--------------+-------------+-----------------+--------------+---------------+----------------------------------------------------------------------------------------------------------------------------------------------------------------------------------------------------------------------------------------+-------------------------------------------------------------------------------------------------------------------------------------------------------------------------------------------------------------------------------------+
| Local Id | Driver Type/Pin            | Constraint           | Site/BEL                            | Clock Region | Clock Loads | Non-Clock Loads | Clock Period | Clock         | Driver Pin                                                                                                                                                                                                                             | Net                                                                                                                                                                                                                                 |
+----------+----------------------------+----------------------+-------------------------------------+--------------+-------------+-----------------+--------------+---------------+----------------------------------------------------------------------------------------------------------------------------------------------------------------------------------------------------------------------------------------+-------------------------------------------------------------------------------------------------------------------------------------------------------------------------------------------------------------------------------------||
| 0        | PLLE2_ADV/CLKOUT0          | PLLE2_ADV_X1Y3       | PLLE2_ADV_X1Y3/PLLE2_ADV            | X1Y3         |           5 |               2 |        1.250 | freq_refclk   | skrach_design_i/mig_7series_0/u_skrach_design_mig_7series_0_2_mig/u_ddr3_infrastructure/plle2_i/CLKOUT0                                                                                                                                | skrach_design_i/mig_7series_0/u_skrach_design_mig_7series_0_2_mig/u_ddr3_infrastructure/freq_refclk                                                                                                                                 - Static -
| 1        | PHASER_OUT_PHY/OCLKDELAYED | PHASER_OUT_PHY_X1Y14 | PHASER_OUT_PHY_X1Y14/PHASER_OUT_PHY | X1Y3         |           2 |               0 |        2.500 | oserdes_clk_2 | skrach_design_i/mig_7series_0/u_skrach_design_mig_7series_0_2_mig/u_memc_ui_top_axi/mem_intfc0/ddr_phy_top0/u_ddr_mc_phy_wrapper/u_ddr_mc_phy/ddr_phy_4lanes_0.u_ddr_phy_4lanes/ddr_byte_lane_C.ddr_byte_lane_C/phaser_out/OCLKDELAYED | skrach_design_i/mig_7series_0/u_skrach_design_mig_7series_0_2_mig/u_memc_ui_top_axi/mem_intfc0/ddr_phy_top0/u_ddr_mc_phy_wrapper/u_ddr_mc_phy/ddr_phy_4lanes_0.u_ddr_phy_4lanes/ddr_byte_lane_C.ddr_byte_lane_C/oserdes_clk_delayed - Static -
| 2        | PHASER_OUT_PHY/OCLKDELAYED | PHASER_OUT_PHY_X1Y15 | PHASER_OUT_PHY_X1Y15/PHASER_OUT_PHY | X1Y3         |           2 |               0 |        2.500 | oserdes_clk_3 | skrach_design_i/mig_7series_0/u_skrach_design_mig_7series_0_2_mig/u_memc_ui_top_axi/mem_intfc0/ddr_phy_top0/u_ddr_mc_phy_wrapper/u_ddr_mc_phy/ddr_phy_4lanes_0.u_ddr_phy_4lanes/ddr_byte_lane_D.ddr_byte_lane_D/phaser_out/OCLKDELAYED | skrach_design_i/mig_7series_0/u_skrach_design_mig_7series_0_2_mig/u_memc_ui_top_axi/mem_intfc0/ddr_phy_top0/u_ddr_mc_phy_wrapper/u_ddr_mc_phy/ddr_phy_4lanes_0.u_ddr_phy_4lanes/ddr_byte_lane_D.ddr_byte_lane_D/oserdes_clk_delayed - Static -
| 3        | PLLE2_ADV/CLKOUT1          | PLLE2_ADV_X1Y3       | PLLE2_ADV_X1Y3/PLLE2_ADV            | X1Y3         |           1 |               6 |        2.500 | mem_refclk    | skrach_design_i/mig_7series_0/u_skrach_design_mig_7series_0_2_mig/u_ddr3_infrastructure/plle2_i/CLKOUT1                                                                                                                                | skrach_design_i/mig_7series_0/u_skrach_design_mig_7series_0_2_mig/u_ddr3_infrastructure/mem_refclk                                                                                                                                  - Static -
+----------+----------------------------+----------------------+-------------------------------------+--------------+-------------+-----------------+--------------+---------------+----------------------------------------------------------------------------------------------------------------------------------------------------------------------------------------------------------------------------------------+-------------------------------------------------------------------------------------------------------------------------------------------------------------------------------------------------------------------------------------||
* Local Clocks in this context represents only clocks driven by non-global buffers
** Clock Loads column represents the clock pin loads (pin count)
*** Non-Clock Loads column represents the non-clock pin loads (pin count)


5. Clock Regions: Key Resource Utilization
------------------------------------------

+-------------------+--------------+--------------+--------------+--------------+--------------+--------------+--------------+--------------+--------------+--------------+--------------+--------------+--------------+--------------+--------------+
|                   | Global Clock |     BUFRs    |    BUFMRs    |    BUFIOs    |     MMCM     |      PLL     |      GT      |      PCI     |    ILOGIC    |    OLOGIC    |      FF      |     LUTM     |    RAMB18    |    RAMB36    |    DSP48E2   |
+-------------------+------+-------+------+-------+------+-------+------+-------+------+-------+------+-------+------+-------+------+-------+------+-------+------+-------+------+-------+------+-------+------+-------+------+-------+------+-------+
| Clock Region Name | Used | Avail | Used | Avail | Used | Avail | Used | Avail | Used | Avail | Used | Avail | Used | Avail | Used | Avail | Used | Avail | Used | Avail | Used | Avail | Used | Avail | Used | Avail | Used | Avail | Used | Avail |
+-------------------+------+-------+------+-------+------+-------+------+-------+------+-------+------+-------+------+-------+------+-------+------+-------+------+-------+------+-------+------+-------+------+-------+------+-------+------+-------+
| X0Y0              |    2 |    12 |    0 |     4 |    0 |     2 |    0 |     4 |    0 |     1 |    0 |     1 |    0 |     4 |    0 |     0 |    0 |    50 |    0 |    50 |   16 |  2700 |    8 |   800 |    0 |    60 |    0 |    30 |    0 |    60 |
| X1Y0              |    2 |    12 |    0 |     4 |    0 |     2 |    0 |     4 |    1 |     1 |    0 |     1 |    0 |     4 |    0 |     0 |    0 |    50 |    0 |    50 |    0 |  2500 |    0 |   800 |    0 |    40 |    0 |    20 |    0 |    40 |
| X0Y1              |    1 |    12 |    0 |     4 |    0 |     2 |    0 |     4 |    0 |     1 |    0 |     1 |    0 |     0 |    0 |     0 |    0 |    50 |    0 |    50 |    0 |  4200 |    0 |  1400 |    0 |   100 |    2 |    50 |    0 |   100 |
| X1Y1              |    1 |    12 |    0 |     4 |    0 |     2 |    0 |     4 |    0 |     1 |    0 |     1 |    0 |     0 |    0 |     0 |    0 |    50 |    0 |    50 |    0 |  4000 |    0 |  1400 |    0 |    80 |    8 |    40 |    0 |    80 |
| X0Y2              |    1 |    12 |    0 |     4 |    0 |     2 |    0 |     4 |    0 |     1 |    0 |     1 |    0 |     0 |    0 |     0 |    0 |    50 |    0 |    50 |   67 |  3600 |   17 |  1400 |    0 |   100 |   16 |    50 |    0 |   100 |
| X1Y2              |    7 |    12 |    0 |     4 |    0 |     2 |    0 |     4 |    1 |     1 |    0 |     1 |    0 |     0 |    0 |     0 |    0 |    50 |    0 |    50 | 3259 |  4000 | 1303 |  1400 |    0 |    80 |   32 |    40 |    5 |    80 |
| X0Y3              |    3 |    12 |    0 |     4 |    0 |     2 |    0 |     4 |    0 |     1 |    0 |     1 |    0 |     0 |    0 |     0 |    0 |    50 |    0 |    50 |  296 |  3600 |  116 |  1400 |    0 |   100 |    2 |    50 |    0 |   100 |
| X1Y3              |    6 |    12 |    0 |     4 |    0 |     2 |    0 |     4 |    1 |     1 |    1 |     1 |    0 |     0 |    0 |     0 |    0 |    50 |    4 |    50 | 5733 |  4000 | 2060 |  1400 |    0 |    80 |    6 |    40 |    0 |    80 |
| X0Y4              |    0 |    12 |    0 |     4 |    0 |     2 |    0 |     4 |    0 |     1 |    0 |     1 |    0 |     4 |    0 |     1 |    0 |    50 |    0 |    50 |    0 |  2550 |    0 |   750 |    0 |    50 |    0 |    25 |    0 |    60 |
| X1Y4              |    1 |    12 |    0 |     4 |    0 |     2 |    0 |     4 |    0 |     1 |    0 |     1 |    0 |     4 |    0 |     0 |    0 |    50 |    0 |    50 |  982 |  2500 |  340 |   800 |    0 |    40 |    0 |    20 |    0 |    40 |
+-------------------+------+-------+------+-------+------+-------+------+-------+------+-------+------+-------+------+-------+------+-------+------+-------+------+-------+------+-------+------+-------+------+-------+------+-------+------+-------+
* Global Clock column represents track count; while other columns represents cell counts


6. Clock Regions : Global Clock Summary
---------------------------------------

All Modules
+----+----+----+
|    | X0 | X1 |
+----+----+----+
| Y4 |  0 |  1 |
| Y3 |  3 |  6 |
| Y2 |  1 |  7 |
| Y1 |  1 |  1 |
| Y0 |  2 |  2 |
+----+----+----+


7. Device Cell Placement Summary for Global Clock g0
----------------------------------------------------

+-----------+-----------------+-------------------+-----------+-------------+---------------+-------------+----------+----------------+----------+---------------------------------------------------------------------------------------------+
| Global Id | Driver Type/Pin | Driver Region (D) | Clock     | Period (ns) | Waveform (ns) | Slice Loads | IO Loads | Clocking Loads | GT Loads | Net                                                                                         |
+-----------+-----------------+-------------------+-----------+-------------+---------------+-------------+----------+----------------+----------+---------------------------------------------------------------------------------------------+
| g0        | BUFG/O          | n/a               | clk_pll_i |      10.000 | {0.000 5.000} |        6410 |        0 |              1 |        0 | skrach_design_i/mig_7series_0/u_skrach_design_mig_7series_0_2_mig/u_ddr3_infrastructure/CLK |
+-----------+-----------------+-------------------+-----------+-------------+---------------+-------------+----------+----------------+----------+---------------------------------------------------------------------------------------------+
* Slice Loads column represents load cell count of all cell types other than IO, GT and clock resources
** IO Loads column represents load cell count of IO types
*** Clocking Loads column represents load cell count that are clock resources (global clock buffer, MMCM, PLL, etc)
**** GT Loads column represents load cell count of GT types


+----+------+-------+
|    | X0   | X1    |
+----+------+-------+
| Y4 |    0 |  1010 |
| Y3 |  251 |  5130 |
| Y2 |    0 |    20 |
| Y1 |    0 |     0 |
| Y0 |    0 |     0 |
+----+------+-------+


8. Device Cell Placement Summary for Global Clock g1
----------------------------------------------------

+-----------+-----------------+-------------------+------------------------------------+-------------+---------------+-------------+----------+----------------+----------+-----------------------------------------+
| Global Id | Driver Type/Pin | Driver Region (D) | Clock                              | Period (ns) | Waveform (ns) | Slice Loads | IO Loads | Clocking Loads | GT Loads | Net                                     |
+-----------+-----------------+-------------------+------------------------------------+-------------+---------------+-------------+----------+----------------+----------+-----------------------------------------+
| g1        | BUFG/O          | n/a               | clk_out1_skrach_design_clk_wiz_1_2 |      10.000 | {0.000 5.000} |        4087 |        0 |              1 |        0 | skrach_design_i/clk_wiz_1/inst/clk_out1 |
+-----------+-----------------+-------------------+------------------------------------+-------------+---------------+-------------+----------+----------------+----------+-----------------------------------------+
* Slice Loads column represents load cell count of all cell types other than IO, GT and clock resources
** IO Loads column represents load cell count of IO types
*** Clocking Loads column represents load cell count that are clock resources (global clock buffer, MMCM, PLL, etc)
**** GT Loads column represents load cell count of GT types


+----+-----+-------+
|    | X0  | X1    |
+----+-----+-------+
| Y4 |   0 |     0 |
| Y3 |   2 |   758 |
| Y2 |  83 |  3234 |
| Y1 |   2 |     8 |
| Y0 |   0 |     1 |
+----+-----+-------+


9. Device Cell Placement Summary for Global Clock g2
----------------------------------------------------

+-----------+-----------------+-------------------+---------------------------------------------------------------+-------------+----------------+-------------+----------+----------------+----------+--------------------------------------------------------------------+
| Global Id | Driver Type/Pin | Driver Region (D) | Clock                                                         | Period (ns) | Waveform (ns)  | Slice Loads | IO Loads | Clocking Loads | GT Loads | Net                                                                |
+-----------+-----------------+-------------------+---------------------------------------------------------------+-------------+----------------+-------------+----------+----------------+----------+--------------------------------------------------------------------+
| g2        | BUFG/O          | n/a               | skrach_design_i/mdm_1/U0/Use_E2.BSCAN_I/Use_E2.BSCANE2_I/DRCK |      33.333 | {0.000 16.667} |         235 |        0 |              0 |        0 | skrach_design_i/mdm_1/U0/No_Dbg_Reg_Access.BUFG_DRCK/Ext_JTAG_DRCK |
+-----------+-----------------+-------------------+---------------------------------------------------------------+-------------+----------------+-------------+----------+----------------+----------+--------------------------------------------------------------------+
* Slice Loads column represents load cell count of all cell types other than IO, GT and clock resources
** IO Loads column represents load cell count of IO types
*** Clocking Loads column represents load cell count that are clock resources (global clock buffer, MMCM, PLL, etc)
**** GT Loads column represents load cell count of GT types


+----+----+------+
|    | X0 | X1   |
+----+----+------+
| Y4 |  0 |    0 |
| Y3 |  0 |   76 |
| Y2 |  0 |  159 |
| Y1 |  0 |    0 |
| Y0 |  0 |    0 |
+----+----+------+


10. Device Cell Placement Summary for Global Clock g3
-----------------------------------------------------

+-----------+-----------------+-------------------+----------------------+-------------+----------------+-------------+----------+----------------+----------+-----------------------------------------------------------------------------------------------------------------+
| Global Id | Driver Type/Pin | Driver Region (D) | Clock                | Period (ns) | Waveform (ns)  | Slice Loads | IO Loads | Clocking Loads | GT Loads | Net                                                                                                             |
+-----------+-----------------+-------------------+----------------------+-------------+----------------+-------------+----------+----------------+----------+-----------------------------------------------------------------------------------------------------------------+
| g3        | BUFGCTRL/O      | n/a               | clk_out2_clk_wiz_0_1 |      20.000 | {0.000 10.000} |         115 |        0 |              0 |        0 | skrach_design_i/lab4_ip_0/U0/lab4_ip_v1_0_S00_AXI_inst/dp_inst/audio_inst/audiocodec_master_clock/inst/clk_out2 |
+-----------+-----------------+-------------------+----------------------+-------------+----------------+-------------+----------+----------------+----------+-----------------------------------------------------------------------------------------------------------------+
* Slice Loads column represents load cell count of all cell types other than IO, GT and clock resources
** IO Loads column represents load cell count of IO types
*** Clocking Loads column represents load cell count that are clock resources (global clock buffer, MMCM, PLL, etc)
**** GT Loads column represents load cell count of GT types


+----+----+------+
|    | X0 | X1   |
+----+----+------+
| Y4 |  0 |    0 |
| Y3 |  0 |    0 |
| Y2 |  0 |  115 |
| Y1 |  0 |    0 |
| Y0 |  0 |    0 |
+----+----+------+


11. Device Cell Placement Summary for Global Clock g4
-----------------------------------------------------

+-----------+-----------------+-------------------+----------------------+-------------+----------------+-------------+----------+----------------+----------+----------------------------------------------------------------------------------------------------------------------------------+
| Global Id | Driver Type/Pin | Driver Region (D) | Clock                | Period (ns) | Waveform (ns)  | Slice Loads | IO Loads | Clocking Loads | GT Loads | Net                                                                                                                              |
+-----------+-----------------+-------------------+----------------------+-------------+----------------+-------------+----------+----------------+----------+----------------------------------------------------------------------------------------------------------------------------------+
| g4        | BUFH/O          | X0Y0              | clk_out2_clk_wiz_0_1 |      20.000 | {0.000 10.000} |           8 |        0 |              0 |        0 | skrach_design_i/lab4_ip_0/U0/lab4_ip_v1_0_S00_AXI_inst/dp_inst/audio_inst/audiocodec_master_clock/inst/clk_out2_clk_wiz_0_en_clk |
+-----------+-----------------+-------------------+----------------------+-------------+----------------+-------------+----------+----------------+----------+----------------------------------------------------------------------------------------------------------------------------------+
* Slice Loads column represents load cell count of all cell types other than IO, GT and clock resources
** IO Loads column represents load cell count of IO types
*** Clocking Loads column represents load cell count that are clock resources (global clock buffer, MMCM, PLL, etc)
**** GT Loads column represents load cell count of GT types


+----+--------+----+
|    | X0     | X1 |
+----+--------+----+
| Y4 |      0 |  0 |
| Y3 |      0 |  0 |
| Y2 |      0 |  0 |
| Y1 |      0 |  0 |
| Y0 |  (D) 8 |  0 |
+----+--------+----+


12. Device Cell Placement Summary for Global Clock g5
-----------------------------------------------------

+-----------+-----------------+-------------------+------------------------------------+-------------+---------------+-------------+----------+----------------+----------+-----------------------------------------+
| Global Id | Driver Type/Pin | Driver Region (D) | Clock                              | Period (ns) | Waveform (ns) | Slice Loads | IO Loads | Clocking Loads | GT Loads | Net                                     |
+-----------+-----------------+-------------------+------------------------------------+-------------+---------------+-------------+----------+----------------+----------+-----------------------------------------+
| g5        | BUFG/O          | n/a               | clk_out2_skrach_design_clk_wiz_1_2 |       5.000 | {0.000 2.500} |          62 |        0 |              1 |        0 | skrach_design_i/clk_wiz_1/inst/clk_out2 |
+-----------+-----------------+-------------------+------------------------------------+-------------+---------------+-------------+----------+----------------+----------+-----------------------------------------+
* Slice Loads column represents load cell count of all cell types other than IO, GT and clock resources
** IO Loads column represents load cell count of IO types
*** Clocking Loads column represents load cell count that are clock resources (global clock buffer, MMCM, PLL, etc)
**** GT Loads column represents load cell count of GT types


+----+-----+-----+
|    | X0  | X1  |
+----+-----+-----+
| Y4 |   0 |   0 |
| Y3 |  46 |  17 |
| Y2 |   0 |   0 |
| Y1 |   0 |   0 |
| Y0 |   0 |   0 |
+----+-----+-----+


13. Device Cell Placement Summary for Global Clock g6
-----------------------------------------------------

+-----------+-----------------+-------------------+-----------------------------------------------------------------+-------------+----------------+-------------+----------+----------------+----------+---------------------------------------+
| Global Id | Driver Type/Pin | Driver Region (D) | Clock                                                           | Period (ns) | Waveform (ns)  | Slice Loads | IO Loads | Clocking Loads | GT Loads | Net                                   |
+-----------+-----------------+-------------------+-----------------------------------------------------------------+-------------+----------------+-------------+----------+----------------+----------+---------------------------------------+
| g6        | BUFG/O          | n/a               | skrach_design_i/mdm_1/U0/Use_E2.BSCAN_I/Use_E2.BSCANE2_I/UPDATE |      33.333 | {0.000 16.667} |          39 |        0 |              0 |        0 | skrach_design_i/mdm_1/U0/Dbg_Update_0 |
+-----------+-----------------+-------------------+-----------------------------------------------------------------+-------------+----------------+-------------+----------+----------------+----------+---------------------------------------+
* Slice Loads column represents load cell count of all cell types other than IO, GT and clock resources
** IO Loads column represents load cell count of IO types
*** Clocking Loads column represents load cell count that are clock resources (global clock buffer, MMCM, PLL, etc)
**** GT Loads column represents load cell count of GT types


+----+----+-----+
|    | X0 | X1  |
+----+----+-----+
| Y4 |  0 |   0 |
| Y3 |  0 |  28 |
| Y2 |  0 |  11 |
| Y1 |  0 |   0 |
| Y0 |  0 |   0 |
+----+----+-----+


14. Device Cell Placement Summary for Global Clock g7
-----------------------------------------------------

+-----------+-----------------+-------------------+----------------------+-------------+----------------+-------------+----------+----------------+----------+----------------------------------------------------------------------------------------------------------------------------------+
| Global Id | Driver Type/Pin | Driver Region (D) | Clock                | Period (ns) | Waveform (ns)  | Slice Loads | IO Loads | Clocking Loads | GT Loads | Net                                                                                                                              |
+-----------+-----------------+-------------------+----------------------+-------------+----------------+-------------+----------+----------------+----------+----------------------------------------------------------------------------------------------------------------------------------+
| g7        | BUFH/O          | X0Y0              | clk_out1_clk_wiz_0_1 |      81.375 | {0.000 40.688} |           8 |        0 |              0 |        0 | skrach_design_i/lab4_ip_0/U0/lab4_ip_v1_0_S00_AXI_inst/dp_inst/audio_inst/audiocodec_master_clock/inst/clk_out1_clk_wiz_0_en_clk |
+-----------+-----------------+-------------------+----------------------+-------------+----------------+-------------+----------+----------------+----------+----------------------------------------------------------------------------------------------------------------------------------+
* Slice Loads column represents load cell count of all cell types other than IO, GT and clock resources
** IO Loads column represents load cell count of IO types
*** Clocking Loads column represents load cell count that are clock resources (global clock buffer, MMCM, PLL, etc)
**** GT Loads column represents load cell count of GT types


+----+--------+----+
|    | X0     | X1 |
+----+--------+----+
| Y4 |      0 |  0 |
| Y3 |      0 |  0 |
| Y2 |      0 |  0 |
| Y1 |      0 |  0 |
| Y0 |  (D) 8 |  0 |
+----+--------+----+


15. Device Cell Placement Summary for Global Clock g8
-----------------------------------------------------

+-----------+-----------------+-------------------+----------------------+-------------+----------------+-------------+----------+----------------+----------+-----------------------------------------------------------------------------------------------------------------+
| Global Id | Driver Type/Pin | Driver Region (D) | Clock                | Period (ns) | Waveform (ns)  | Slice Loads | IO Loads | Clocking Loads | GT Loads | Net                                                                                                             |
+-----------+-----------------+-------------------+----------------------+-------------+----------------+-------------+----------+----------------+----------+-----------------------------------------------------------------------------------------------------------------+
| g8        | BUFGCTRL/O      | n/a               | clk_out1_clk_wiz_0_1 |      81.375 | {0.000 40.688} |           0 |        1 |              0 |        0 | skrach_design_i/lab4_ip_0/U0/lab4_ip_v1_0_S00_AXI_inst/dp_inst/audio_inst/audiocodec_master_clock/inst/clk_out1 |
+-----------+-----------------+-------------------+----------------------+-------------+----------------+-------------+----------+----------------+----------+-----------------------------------------------------------------------------------------------------------------+
* Slice Loads column represents load cell count of all cell types other than IO, GT and clock resources
** IO Loads column represents load cell count of IO types
*** Clocking Loads column represents load cell count that are clock resources (global clock buffer, MMCM, PLL, etc)
**** GT Loads column represents load cell count of GT types


+----+----+----+
|    | X0 | X1 |
+----+----+----+
| Y4 |  0 |  0 |
| Y3 |  0 |  0 |
| Y2 |  0 |  1 |
| Y1 |  0 |  0 |
| Y0 |  0 |  0 |
+----+----+----+


16. Device Cell Placement Summary for Global Clock g9
-----------------------------------------------------

+-----------+-----------------+-------------------+------------------------------------+-------------+---------------+-------------+----------+----------------+----------+-----------------------------------------------------------------------+
| Global Id | Driver Type/Pin | Driver Region (D) | Clock                              | Period (ns) | Waveform (ns) | Slice Loads | IO Loads | Clocking Loads | GT Loads | Net                                                                   |
+-----------+-----------------+-------------------+------------------------------------+-------------+---------------+-------------+----------+----------------+----------+-----------------------------------------------------------------------+
| g9        | BUFG/O          | n/a               | clkfbout_skrach_design_clk_wiz_1_2 |      10.000 | {0.000 5.000} |           0 |        0 |              1 |        0 | skrach_design_i/clk_wiz_1/inst/clkfbout_buf_skrach_design_clk_wiz_1_2 |
+-----------+-----------------+-------------------+------------------------------------+-------------+---------------+-------------+----------+----------------+----------+-----------------------------------------------------------------------+
* Slice Loads column represents load cell count of all cell types other than IO, GT and clock resources
** IO Loads column represents load cell count of IO types
*** Clocking Loads column represents load cell count that are clock resources (global clock buffer, MMCM, PLL, etc)
**** GT Loads column represents load cell count of GT types


+----+----+----+
|    | X0 | X1 |
+----+----+----+
| Y4 |  0 |  0 |
| Y3 |  0 |  0 |
| Y2 |  0 |  1 |
| Y1 |  0 |  0 |
| Y0 |  0 |  0 |
+----+----+----+


17. Device Cell Placement Summary for Global Clock g10
------------------------------------------------------

+-----------+-----------------+-------------------+----------------------+-------------+---------------+-------------+----------+----------------+----------+-------------------------------------------------------------------------------------------------------------------------------+
| Global Id | Driver Type/Pin | Driver Region (D) | Clock                | Period (ns) | Waveform (ns) | Slice Loads | IO Loads | Clocking Loads | GT Loads | Net                                                                                                                           |
+-----------+-----------------+-------------------+----------------------+-------------+---------------+-------------+----------+----------------+----------+-------------------------------------------------------------------------------------------------------------------------------+
| g10       | BUFG/O          | n/a               | clkfbout_clk_wiz_0_1 |      10.000 | {0.000 5.000} |           0 |        0 |              1 |        0 | skrach_design_i/lab4_ip_0/U0/lab4_ip_v1_0_S00_AXI_inst/dp_inst/audio_inst/audiocodec_master_clock/inst/clkfbout_buf_clk_wiz_0 |
+-----------+-----------------+-------------------+----------------------+-------------+---------------+-------------+----------+----------------+----------+-------------------------------------------------------------------------------------------------------------------------------+
* Slice Loads column represents load cell count of all cell types other than IO, GT and clock resources
** IO Loads column represents load cell count of IO types
*** Clocking Loads column represents load cell count that are clock resources (global clock buffer, MMCM, PLL, etc)
**** GT Loads column represents load cell count of GT types


+----+----+----+
|    | X0 | X1 |
+----+----+----+
| Y4 |  0 |  0 |
| Y3 |  0 |  0 |
| Y2 |  0 |  0 |
| Y1 |  0 |  0 |
| Y0 |  0 |  1 |
+----+----+----+


18. Device Cell Placement Summary for Global Clock g11
------------------------------------------------------

+-----------+-----------------+-------------------+--------------+-------------+---------------+-------------+----------+----------------+----------+--------------------------------------------------------------------------------------------------+
| Global Id | Driver Type/Pin | Driver Region (D) | Clock        | Period (ns) | Waveform (ns) | Slice Loads | IO Loads | Clocking Loads | GT Loads | Net                                                                                              |
+-----------+-----------------+-------------------+--------------+-------------+---------------+-------------+----------+----------------+----------+--------------------------------------------------------------------------------------------------+
| g11       | BUFH/O          | X1Y3              | pll_clk3_out |      10.000 | {0.000 5.000} |           0 |        0 |              1 |        0 | skrach_design_i/mig_7series_0/u_skrach_design_mig_7series_0_2_mig/u_ddr3_infrastructure/pll_clk3 |
+-----------+-----------------+-------------------+--------------+-------------+---------------+-------------+----------+----------------+----------+--------------------------------------------------------------------------------------------------+
* Slice Loads column represents load cell count of all cell types other than IO, GT and clock resources
** IO Loads column represents load cell count of IO types
*** Clocking Loads column represents load cell count that are clock resources (global clock buffer, MMCM, PLL, etc)
**** GT Loads column represents load cell count of GT types


+----+----+--------+
|    | X0 | X1     |
+----+----+--------+
| Y4 |  0 |      0 |
| Y3 |  0 |  (D) 1 |
| Y2 |  0 |      0 |
| Y1 |  0 |      0 |
| Y0 |  0 |      0 |
+----+----+--------+


19. Clock Region Cell Placement per Global Clock: Region X0Y0
-------------------------------------------------------------

+-----------+-------+-----------------+------------+-------------+-----------------+----+--------+------+-----+----+------+-----+---------+----------------------------------------------------------------------------------------------------------------------------------+
| Global Id | Track | Driver Type/Pin | Constraint | Clock Loads | Non-Clock Loads | FF | LUTRAM | RAMB | DSP | GT | MMCM | PLL | Hard IP | Net                                                                                                                              |
+-----------+-------+-----------------+------------+-------------+-----------------+----+--------+------+-----+----+------+-----+---------+----------------------------------------------------------------------------------------------------------------------------------+
| g7        | n/a   | BUFH/O          | None       |           8 |               0 |  8 |      0 |    0 |   0 |  0 |    0 |   0 |       0 | skrach_design_i/lab4_ip_0/U0/lab4_ip_v1_0_S00_AXI_inst/dp_inst/audio_inst/audiocodec_master_clock/inst/clk_out1_clk_wiz_0_en_clk |
| g4        | n/a   | BUFH/O          | None       |           8 |               0 |  8 |      0 |    0 |   0 |  0 |    0 |   0 |       0 | skrach_design_i/lab4_ip_0/U0/lab4_ip_v1_0_S00_AXI_inst/dp_inst/audio_inst/audiocodec_master_clock/inst/clk_out2_clk_wiz_0_en_clk |
+-----------+-------+-----------------+------------+-------------+-----------------+----+--------+------+-----+----+------+-----+---------+----------------------------------------------------------------------------------------------------------------------------------+
* Clock Loads column represents the clock pin loads (pin count)
** Non-Clock Loads column represents the non-clock pin loads (pin count)
*** Columns FF, LUTRAM, RAMB through 'Hard IP' represents load cell counts


20. Clock Region Cell Placement per Global Clock: Region X1Y0
-------------------------------------------------------------

+-----------+-------+-----------------+------------+-------------+-----------------+----+--------+------+-----+----+------+-----+---------+-------------------------------------------------------------------------------------------------------------------------------+
| Global Id | Track | Driver Type/Pin | Constraint | Clock Loads | Non-Clock Loads | FF | LUTRAM | RAMB | DSP | GT | MMCM | PLL | Hard IP | Net                                                                                                                           |
+-----------+-------+-----------------+------------+-------------+-----------------+----+--------+------+-----+----+------+-----+---------+-------------------------------------------------------------------------------------------------------------------------------+
| g1        | n/a   | BUFG/O          | None       |           1 |               0 |  0 |      0 |    0 |   0 |  0 |    1 |   0 |       0 | skrach_design_i/clk_wiz_1/inst/clk_out1                                                                                       |
| g10       | n/a   | BUFG/O          | None       |           1 |               0 |  0 |      0 |    0 |   0 |  0 |    1 |   0 |       0 | skrach_design_i/lab4_ip_0/U0/lab4_ip_v1_0_S00_AXI_inst/dp_inst/audio_inst/audiocodec_master_clock/inst/clkfbout_buf_clk_wiz_0 |
+-----------+-------+-----------------+------------+-------------+-----------------+----+--------+------+-----+----+------+-----+---------+-------------------------------------------------------------------------------------------------------------------------------+
* Clock Loads column represents the clock pin loads (pin count)
** Non-Clock Loads column represents the non-clock pin loads (pin count)
*** Columns FF, LUTRAM, RAMB through 'Hard IP' represents load cell counts


21. Clock Region Cell Placement per Global Clock: Region X0Y1
-------------------------------------------------------------

+-----------+-------+-----------------+------------+-------------+-----------------+----+--------+------+-----+----+------+-----+---------+-----------------------------------------+
| Global Id | Track | Driver Type/Pin | Constraint | Clock Loads | Non-Clock Loads | FF | LUTRAM | RAMB | DSP | GT | MMCM | PLL | Hard IP | Net                                     |
+-----------+-------+-----------------+------------+-------------+-----------------+----+--------+------+-----+----+------+-----+---------+-----------------------------------------+
| g1        | n/a   | BUFG/O          | None       |           2 |               0 |  0 |      0 |    2 |   0 |  0 |    0 |   0 |       0 | skrach_design_i/clk_wiz_1/inst/clk_out1 |
+-----------+-------+-----------------+------------+-------------+-----------------+----+--------+------+-----+----+------+-----+---------+-----------------------------------------+
* Clock Loads column represents the clock pin loads (pin count)
** Non-Clock Loads column represents the non-clock pin loads (pin count)
*** Columns FF, LUTRAM, RAMB through 'Hard IP' represents load cell counts


22. Clock Region Cell Placement per Global Clock: Region X1Y1
-------------------------------------------------------------

+-----------+-------+-----------------+------------+-------------+-----------------+----+--------+------+-----+----+------+-----+---------+-----------------------------------------+
| Global Id | Track | Driver Type/Pin | Constraint | Clock Loads | Non-Clock Loads | FF | LUTRAM | RAMB | DSP | GT | MMCM | PLL | Hard IP | Net                                     |
+-----------+-------+-----------------+------------+-------------+-----------------+----+--------+------+-----+----+------+-----+---------+-----------------------------------------+
| g1        | n/a   | BUFG/O          | None       |           8 |               0 |  0 |      0 |    8 |   0 |  0 |    0 |   0 |       0 | skrach_design_i/clk_wiz_1/inst/clk_out1 |
+-----------+-------+-----------------+------------+-------------+-----------------+----+--------+------+-----+----+------+-----+---------+-----------------------------------------+
* Clock Loads column represents the clock pin loads (pin count)
** Non-Clock Loads column represents the non-clock pin loads (pin count)
*** Columns FF, LUTRAM, RAMB through 'Hard IP' represents load cell counts


23. Clock Region Cell Placement per Global Clock: Region X0Y2
-------------------------------------------------------------

+-----------+-------+-----------------+------------+-------------+-----------------+----+--------+------+-----+----+------+-----+---------+-----------------------------------------+
| Global Id | Track | Driver Type/Pin | Constraint | Clock Loads | Non-Clock Loads | FF | LUTRAM | RAMB | DSP | GT | MMCM | PLL | Hard IP | Net                                     |
+-----------+-------+-----------------+------------+-------------+-----------------+----+--------+------+-----+----+------+-----+---------+-----------------------------------------+
| g1        | n/a   | BUFG/O          | None       |          83 |               0 | 67 |      0 |   16 |   0 |  0 |    0 |   0 |       0 | skrach_design_i/clk_wiz_1/inst/clk_out1 |
+-----------+-------+-----------------+------------+-------------+-----------------+----+--------+------+-----+----+------+-----+---------+-----------------------------------------+
* Clock Loads column represents the clock pin loads (pin count)
** Non-Clock Loads column represents the non-clock pin loads (pin count)
*** Columns FF, LUTRAM, RAMB through 'Hard IP' represents load cell counts


24. Clock Region Cell Placement per Global Clock: Region X1Y2
-------------------------------------------------------------

+-----------+-------+-----------------+------------+-------------+-----------------+------+--------+------+-----+----+------+-----+---------+-----------------------------------------------------------------------------------------------------------------+
| Global Id | Track | Driver Type/Pin | Constraint | Clock Loads | Non-Clock Loads | FF   | LUTRAM | RAMB | DSP | GT | MMCM | PLL | Hard IP | Net                                                                                                             |
+-----------+-------+-----------------+------------+-------------+-----------------+------+--------+------+-----+----+------+-----+---------+-----------------------------------------------------------------------------------------------------------------+
| g0        | n/a   | BUFG/O          | None       |          20 |               0 |   20 |      0 |    0 |   0 |  0 |    0 |   0 |       0 | skrach_design_i/mig_7series_0/u_skrach_design_mig_7series_0_2_mig/u_ddr3_infrastructure/CLK                     |
| g1        | n/a   | BUFG/O          | None       |        3234 |               0 | 2972 |    223 |   32 |   5 |  0 |    0 |   0 |       0 | skrach_design_i/clk_wiz_1/inst/clk_out1                                                                         |
| g2        | n/a   | BUFG/O          | None       |         159 |               0 |  141 |     18 |    0 |   0 |  0 |    0 |   0 |       0 | skrach_design_i/mdm_1/U0/No_Dbg_Reg_Access.BUFG_DRCK/Ext_JTAG_DRCK                                              |
| g3        | n/a   | BUFGCTRL/O      | None       |         115 |               0 |  115 |      0 |    0 |   0 |  0 |    0 |   0 |       0 | skrach_design_i/lab4_ip_0/U0/lab4_ip_v1_0_S00_AXI_inst/dp_inst/audio_inst/audiocodec_master_clock/inst/clk_out2 |
| g6        | n/a   | BUFG/O          | None       |          11 |               0 |   11 |      0 |    0 |   0 |  0 |    0 |   0 |       0 | skrach_design_i/mdm_1/U0/Dbg_Update_0                                                                           |
| g9        | n/a   | BUFG/O          | None       |           1 |               0 |    0 |      0 |    0 |   0 |  0 |    1 |   0 |       0 | skrach_design_i/clk_wiz_1/inst/clkfbout_buf_skrach_design_clk_wiz_1_2                                           |
| g8        | n/a   | BUFGCTRL/O      | None       |           0 |               1 |    0 |      0 |    0 |   0 |  0 |    0 |   0 |       0 | skrach_design_i/lab4_ip_0/U0/lab4_ip_v1_0_S00_AXI_inst/dp_inst/audio_inst/audiocodec_master_clock/inst/clk_out1 |
+-----------+-------+-----------------+------------+-------------+-----------------+------+--------+------+-----+----+------+-----+---------+-----------------------------------------------------------------------------------------------------------------+
* Clock Loads column represents the clock pin loads (pin count)
** Non-Clock Loads column represents the non-clock pin loads (pin count)
*** Columns FF, LUTRAM, RAMB through 'Hard IP' represents load cell counts


25. Clock Region Cell Placement per Global Clock: Region X0Y3
-------------------------------------------------------------

+-----------+-------+-----------------+------------+-------------+-----------------+-----+--------+------+-----+----+------+-----+---------+---------------------------------------------------------------------------------------------+
| Global Id | Track | Driver Type/Pin | Constraint | Clock Loads | Non-Clock Loads | FF  | LUTRAM | RAMB | DSP | GT | MMCM | PLL | Hard IP | Net                                                                                         |
+-----------+-------+-----------------+------------+-------------+-----------------+-----+--------+------+-----+----+------+-----+---------+---------------------------------------------------------------------------------------------+
| g0        | n/a   | BUFG/O          | None       |         251 |               0 | 251 |      0 |    0 |   0 |  0 |    0 |   0 |       0 | skrach_design_i/mig_7series_0/u_skrach_design_mig_7series_0_2_mig/u_ddr3_infrastructure/CLK |
| g1        | n/a   | BUFG/O          | None       |           2 |               0 |   0 |      0 |    2 |   0 |  0 |    0 |   0 |       0 | skrach_design_i/clk_wiz_1/inst/clk_out1                                                     |
| g5        | n/a   | BUFG/O          | None       |          46 |               0 |  45 |      0 |    0 |   0 |  0 |    0 |   0 |       0 | skrach_design_i/clk_wiz_1/inst/clk_out2                                                     |
+-----------+-------+-----------------+------------+-------------+-----------------+-----+--------+------+-----+----+------+-----+---------+---------------------------------------------------------------------------------------------+
* Clock Loads column represents the clock pin loads (pin count)
** Non-Clock Loads column represents the non-clock pin loads (pin count)
*** Columns FF, LUTRAM, RAMB through 'Hard IP' represents load cell counts


26. Clock Region Cell Placement per Global Clock: Region X1Y3
-------------------------------------------------------------

+-----------+-------+-----------------+------------+-------------+-----------------+------+--------+------+-----+----+------+-----+---------+--------------------------------------------------------------------------------------------------+
| Global Id | Track | Driver Type/Pin | Constraint | Clock Loads | Non-Clock Loads | FF   | LUTRAM | RAMB | DSP | GT | MMCM | PLL | Hard IP | Net                                                                                              |
+-----------+-------+-----------------+------------+-------------+-----------------+------+--------+------+-----+----+------+-----+---------+--------------------------------------------------------------------------------------------------+
| g0        | n/a   | BUFG/O          | None       |        5130 |               0 | 4912 |    188 |    0 |   0 |  0 |    1 |   0 |       0 | skrach_design_i/mig_7series_0/u_skrach_design_mig_7series_0_2_mig/u_ddr3_infrastructure/CLK      |
| g1        | n/a   | BUFG/O          | None       |         758 |               0 |  709 |     43 |    6 |   0 |  0 |    0 |   0 |       0 | skrach_design_i/clk_wiz_1/inst/clk_out1                                                          |
| g2        | n/a   | BUFG/O          | None       |          76 |               0 |   69 |      7 |    0 |   0 |  0 |    0 |   0 |       0 | skrach_design_i/mdm_1/U0/No_Dbg_Reg_Access.BUFG_DRCK/Ext_JTAG_DRCK                               |
| g5        | n/a   | BUFG/O          | None       |          17 |               0 |   15 |      0 |    0 |   0 |  0 |    0 |   1 |       0 | skrach_design_i/clk_wiz_1/inst/clk_out2                                                          |
| g6        | n/a   | BUFG/O          | None       |          28 |               0 |   28 |      0 |    0 |   0 |  0 |    0 |   0 |       0 | skrach_design_i/mdm_1/U0/Dbg_Update_0                                                            |
| g11       | n/a   | BUFH/O          | None       |           1 |               0 |    0 |      0 |    0 |   0 |  0 |    1 |   0 |       0 | skrach_design_i/mig_7series_0/u_skrach_design_mig_7series_0_2_mig/u_ddr3_infrastructure/pll_clk3 |
+-----------+-------+-----------------+------------+-------------+-----------------+------+--------+------+-----+----+------+-----+---------+--------------------------------------------------------------------------------------------------+
* Clock Loads column represents the clock pin loads (pin count)
** Non-Clock Loads column represents the non-clock pin loads (pin count)
*** Columns FF, LUTRAM, RAMB through 'Hard IP' represents load cell counts


27. Clock Region Cell Placement per Global Clock: Region X1Y4
-------------------------------------------------------------

+-----------+-------+-----------------+------------+-------------+-----------------+-----+--------+------+-----+----+------+-----+---------+---------------------------------------------------------------------------------------------+
| Global Id | Track | Driver Type/Pin | Constraint | Clock Loads | Non-Clock Loads | FF  | LUTRAM | RAMB | DSP | GT | MMCM | PLL | Hard IP | Net                                                                                         |
+-----------+-------+-----------------+------------+-------------+-----------------+-----+--------+------+-----+----+------+-----+---------+---------------------------------------------------------------------------------------------+
| g0        | n/a   | BUFG/O          | None       |        1010 |               0 | 982 |     28 |    0 |   0 |  0 |    0 |   0 |       0 | skrach_design_i/mig_7series_0/u_skrach_design_mig_7series_0_2_mig/u_ddr3_infrastructure/CLK |
+-----------+-------+-----------------+------------+-------------+-----------------+-----+--------+------+-----+----+------+-----+---------+---------------------------------------------------------------------------------------------+
* Clock Loads column represents the clock pin loads (pin count)
** Non-Clock Loads column represents the non-clock pin loads (pin count)
*** Columns FF, LUTRAM, RAMB through 'Hard IP' represents load cell counts



# Location of BUFG Primitives 
set_property LOC BUFGCTRL_X0Y16 [get_cells skrach_design_i/mig_7series_0/u_skrach_design_mig_7series_0_2_mig/u_ddr3_infrastructure/u_bufg_clkdiv0]
set_property LOC BUFGCTRL_X0Y3 [get_cells skrach_design_i/mdm_1/U0/No_Dbg_Reg_Access.BUFG_DRCK/Using_FPGA.Native]
set_property LOC BUFGCTRL_X0Y5 [get_cells skrach_design_i/mdm_1/U0/Dbg_Update_0_BUFG_inst]
set_property LOC BUFGCTRL_X0Y7 [get_cells skrach_design_i/lab4_ip_0/U0/lab4_ip_v1_0_S00_AXI_inst/dp_inst/audio_inst/audiocodec_master_clock/inst/clkf_buf]
set_property LOC BUFGCTRL_X0Y4 [get_cells skrach_design_i/lab4_ip_0/U0/lab4_ip_v1_0_S00_AXI_inst/dp_inst/audio_inst/audiocodec_master_clock/inst/clkout2_buf]
set_property LOC BUFGCTRL_X0Y1 [get_cells skrach_design_i/lab4_ip_0/U0/lab4_ip_v1_0_S00_AXI_inst/dp_inst/audio_inst/audiocodec_master_clock/inst/clkout1_buf]
set_property LOC BUFGCTRL_X0Y6 [get_cells skrach_design_i/clk_wiz_1/inst/clkf_buf]
set_property LOC BUFGCTRL_X0Y0 [get_cells skrach_design_i/clk_wiz_1/inst/clkout2_buf]
set_property LOC BUFGCTRL_X0Y2 [get_cells skrach_design_i/clk_wiz_1/inst/clkout1_buf]

# Location of BUFH Primitives 
set_property LOC BUFHCE_X1Y36 [get_cells skrach_design_i/mig_7series_0/u_skrach_design_mig_7series_0_2_mig/u_ddr3_infrastructure/u_bufh_pll_clk3]
set_property LOC BUFHCE_X0Y1 [get_cells skrach_design_i/lab4_ip_0/U0/lab4_ip_v1_0_S00_AXI_inst/dp_inst/audio_inst/audiocodec_master_clock/inst/clkout2_buf_en]
set_property LOC BUFHCE_X0Y0 [get_cells skrach_design_i/lab4_ip_0/U0/lab4_ip_v1_0_S00_AXI_inst/dp_inst/audio_inst/audiocodec_master_clock/inst/clkout1_buf_en]

# Location of IO Primitives which is load of clock spine
set_property LOC IOB_X1Y118 [get_cells ac_mclk_0_OBUF_inst]

# Location of clock ports
set_property LOC IOB_X1Y124 [get_ports sys_clock]

# Clock net "skrach_design_i/mig_7series_0/u_skrach_design_mig_7series_0_2_mig/u_ddr3_infrastructure/CLK" driven by instance "skrach_design_i/mig_7series_0/u_skrach_design_mig_7series_0_2_mig/u_ddr3_infrastructure/u_bufg_clkdiv0" located at site "BUFGCTRL_X0Y16"
#startgroup
create_pblock {CLKAG_skrach_design_i/mig_7series_0/u_skrach_design_mig_7series_0_2_mig/u_ddr3_infrastructure/CLK}
add_cells_to_pblock [get_pblocks  {CLKAG_skrach_design_i/mig_7series_0/u_skrach_design_mig_7series_0_2_mig/u_ddr3_infrastructure/CLK}] [get_cells -filter { PRIMITIVE_GROUP != I/O && IS_PRIMITIVE==1 && PRIMITIVE_LEVEL !=INTERNAL && NAME!=skrach_design_i/mig_7series_0/u_skrach_design_mig_7series_0_2_mig/u_ddr3_infrastructure/gen_mmcm.mmcm_i} -of_object [get_pins -filter {DIRECTION==IN} -of_objects [get_nets -hierarchical -filter {PARENT=="skrach_design_i/mig_7series_0/u_skrach_design_mig_7series_0_2_mig/u_ddr3_infrastructure/CLK"}]]]
resize_pblock [get_pblocks {CLKAG_skrach_design_i/mig_7series_0/u_skrach_design_mig_7series_0_2_mig/u_ddr3_infrastructure/CLK}] -add {CLOCKREGION_X0Y3:CLOCKREGION_X0Y3 CLOCKREGION_X1Y2:CLOCKREGION_X1Y2 CLOCKREGION_X1Y3:CLOCKREGION_X1Y3 CLOCKREGION_X1Y4:CLOCKREGION_X1Y4}
#endgroup

# Clock net "skrach_design_i/mdm_1/U0/No_Dbg_Reg_Access.BUFG_DRCK/Ext_JTAG_DRCK" driven by instance "skrach_design_i/mdm_1/U0/No_Dbg_Reg_Access.BUFG_DRCK/Using_FPGA.Native" located at site "BUFGCTRL_X0Y3"
#startgroup
create_pblock {CLKAG_skrach_design_i/mdm_1/U0/No_Dbg_Reg_Access.BUFG_DRCK/Ext_JTAG_DRCK}
add_cells_to_pblock [get_pblocks  {CLKAG_skrach_design_i/mdm_1/U0/No_Dbg_Reg_Access.BUFG_DRCK/Ext_JTAG_DRCK}] [get_cells -filter { PRIMITIVE_GROUP != I/O && IS_PRIMITIVE==1 && PRIMITIVE_LEVEL !=INTERNAL } -of_object [get_pins -filter {DIRECTION==IN} -of_objects [get_nets -hierarchical -filter {PARENT=="skrach_design_i/mdm_1/U0/No_Dbg_Reg_Access.BUFG_DRCK/Ext_JTAG_DRCK"}]]]
resize_pblock [get_pblocks {CLKAG_skrach_design_i/mdm_1/U0/No_Dbg_Reg_Access.BUFG_DRCK/Ext_JTAG_DRCK}] -add {CLOCKREGION_X1Y2:CLOCKREGION_X1Y2 CLOCKREGION_X1Y3:CLOCKREGION_X1Y3}
#endgroup

# Clock net "skrach_design_i/mdm_1/U0/Dbg_Update_0" driven by instance "skrach_design_i/mdm_1/U0/Dbg_Update_0_BUFG_inst" located at site "BUFGCTRL_X0Y5"
#startgroup
create_pblock {CLKAG_skrach_design_i/mdm_1/U0/Dbg_Update_0}
add_cells_to_pblock [get_pblocks  {CLKAG_skrach_design_i/mdm_1/U0/Dbg_Update_0}] [get_cells -filter { PRIMITIVE_GROUP != I/O && IS_PRIMITIVE==1 && PRIMITIVE_LEVEL !=INTERNAL } -of_object [get_pins -filter {DIRECTION==IN} -of_objects [get_nets -hierarchical -filter {PARENT=="skrach_design_i/mdm_1/U0/Dbg_Update_0"}]]]
resize_pblock [get_pblocks {CLKAG_skrach_design_i/mdm_1/U0/Dbg_Update_0}] -add {CLOCKREGION_X1Y2:CLOCKREGION_X1Y2 CLOCKREGION_X1Y3:CLOCKREGION_X1Y3}
#endgroup

# Clock net "skrach_design_i/lab4_ip_0/U0/lab4_ip_v1_0_S00_AXI_inst/dp_inst/audio_inst/audiocodec_master_clock/inst/clk_out2_clk_wiz_0_en_clk" driven by instance "skrach_design_i/lab4_ip_0/U0/lab4_ip_v1_0_S00_AXI_inst/dp_inst/audio_inst/audiocodec_master_clock/inst/clkout2_buf_en" located at site "BUFHCE_X0Y1"
#startgroup
create_pblock {CLKAG_skrach_design_i/lab4_ip_0/U0/lab4_ip_v1_0_S00_AXI_inst/dp_inst/audio_inst/audiocodec_master_clock/inst/clk_out2_clk_wiz_0_en_clk}
add_cells_to_pblock [get_pblocks  {CLKAG_skrach_design_i/lab4_ip_0/U0/lab4_ip_v1_0_S00_AXI_inst/dp_inst/audio_inst/audiocodec_master_clock/inst/clk_out2_clk_wiz_0_en_clk}] [get_cells -filter { PRIMITIVE_GROUP != I/O && IS_PRIMITIVE==1 && PRIMITIVE_LEVEL !=INTERNAL } -of_object [get_pins -filter {DIRECTION==IN} -of_objects [get_nets -hierarchical -filter {PARENT=="skrach_design_i/lab4_ip_0/U0/lab4_ip_v1_0_S00_AXI_inst/dp_inst/audio_inst/audiocodec_master_clock/inst/clk_out2_clk_wiz_0_en_clk"}]]]
resize_pblock [get_pblocks {CLKAG_skrach_design_i/lab4_ip_0/U0/lab4_ip_v1_0_S00_AXI_inst/dp_inst/audio_inst/audiocodec_master_clock/inst/clk_out2_clk_wiz_0_en_clk}] -add {CLOCKREGION_X0Y0:CLOCKREGION_X0Y0}
#endgroup

# Clock net "skrach_design_i/lab4_ip_0/U0/lab4_ip_v1_0_S00_AXI_inst/dp_inst/audio_inst/audiocodec_master_clock/inst/clk_out2" driven by instance "skrach_design_i/lab4_ip_0/U0/lab4_ip_v1_0_S00_AXI_inst/dp_inst/audio_inst/audiocodec_master_clock/inst/clkout2_buf" located at site "BUFGCTRL_X0Y4"
#startgroup
create_pblock {CLKAG_skrach_design_i/lab4_ip_0/U0/lab4_ip_v1_0_S00_AXI_inst/dp_inst/audio_inst/audiocodec_master_clock/inst/clk_out2}
add_cells_to_pblock [get_pblocks  {CLKAG_skrach_design_i/lab4_ip_0/U0/lab4_ip_v1_0_S00_AXI_inst/dp_inst/audio_inst/audiocodec_master_clock/inst/clk_out2}] [get_cells -filter { PRIMITIVE_GROUP != I/O && IS_PRIMITIVE==1 && PRIMITIVE_LEVEL !=INTERNAL } -of_object [get_pins -filter {DIRECTION==IN} -of_objects [get_nets -hierarchical -filter {PARENT=="skrach_design_i/lab4_ip_0/U0/lab4_ip_v1_0_S00_AXI_inst/dp_inst/audio_inst/audiocodec_master_clock/inst/clk_out2"}]]]
resize_pblock [get_pblocks {CLKAG_skrach_design_i/lab4_ip_0/U0/lab4_ip_v1_0_S00_AXI_inst/dp_inst/audio_inst/audiocodec_master_clock/inst/clk_out2}] -add {CLOCKREGION_X1Y2:CLOCKREGION_X1Y2}
#endgroup

# Clock net "skrach_design_i/lab4_ip_0/U0/lab4_ip_v1_0_S00_AXI_inst/dp_inst/audio_inst/audiocodec_master_clock/inst/clk_out1_clk_wiz_0_en_clk" driven by instance "skrach_design_i/lab4_ip_0/U0/lab4_ip_v1_0_S00_AXI_inst/dp_inst/audio_inst/audiocodec_master_clock/inst/clkout1_buf_en" located at site "BUFHCE_X0Y0"
#startgroup
create_pblock {CLKAG_skrach_design_i/lab4_ip_0/U0/lab4_ip_v1_0_S00_AXI_inst/dp_inst/audio_inst/audiocodec_master_clock/inst/clk_out1_clk_wiz_0_en_clk}
add_cells_to_pblock [get_pblocks  {CLKAG_skrach_design_i/lab4_ip_0/U0/lab4_ip_v1_0_S00_AXI_inst/dp_inst/audio_inst/audiocodec_master_clock/inst/clk_out1_clk_wiz_0_en_clk}] [get_cells -filter { PRIMITIVE_GROUP != I/O && IS_PRIMITIVE==1 && PRIMITIVE_LEVEL !=INTERNAL } -of_object [get_pins -filter {DIRECTION==IN} -of_objects [get_nets -hierarchical -filter {PARENT=="skrach_design_i/lab4_ip_0/U0/lab4_ip_v1_0_S00_AXI_inst/dp_inst/audio_inst/audiocodec_master_clock/inst/clk_out1_clk_wiz_0_en_clk"}]]]
resize_pblock [get_pblocks {CLKAG_skrach_design_i/lab4_ip_0/U0/lab4_ip_v1_0_S00_AXI_inst/dp_inst/audio_inst/audiocodec_master_clock/inst/clk_out1_clk_wiz_0_en_clk}] -add {CLOCKREGION_X0Y0:CLOCKREGION_X0Y0}
#endgroup

# Clock net "skrach_design_i/clk_wiz_1/inst/clk_out2" driven by instance "skrach_design_i/clk_wiz_1/inst/clkout2_buf" located at site "BUFGCTRL_X0Y0"
#startgroup
create_pblock {CLKAG_skrach_design_i/clk_wiz_1/inst/clk_out2}
add_cells_to_pblock [get_pblocks  {CLKAG_skrach_design_i/clk_wiz_1/inst/clk_out2}] [get_cells -filter { PRIMITIVE_GROUP != I/O && IS_PRIMITIVE==1 && PRIMITIVE_LEVEL !=INTERNAL && NAME!=skrach_design_i/mig_7series_0/u_skrach_design_mig_7series_0_2_mig/u_ddr3_infrastructure/plle2_i} -of_object [get_pins -filter {DIRECTION==IN} -of_objects [get_nets -hierarchical -filter {PARENT=="skrach_design_i/clk_wiz_1/inst/clk_out2"}]]]
resize_pblock [get_pblocks {CLKAG_skrach_design_i/clk_wiz_1/inst/clk_out2}] -add {CLOCKREGION_X0Y3:CLOCKREGION_X0Y3 CLOCKREGION_X1Y3:CLOCKREGION_X1Y3}
#endgroup

# Clock net "skrach_design_i/clk_wiz_1/inst/clk_out1" driven by instance "skrach_design_i/clk_wiz_1/inst/clkout1_buf" located at site "BUFGCTRL_X0Y2"
#startgroup
create_pblock {CLKAG_skrach_design_i/clk_wiz_1/inst/clk_out1}
add_cells_to_pblock [get_pblocks  {CLKAG_skrach_design_i/clk_wiz_1/inst/clk_out1}] [get_cells -filter { PRIMITIVE_GROUP != I/O && IS_PRIMITIVE==1 && PRIMITIVE_LEVEL !=INTERNAL && NAME!=skrach_design_i/lab4_ip_0/U0/lab4_ip_v1_0_S00_AXI_inst/dp_inst/audio_inst/audiocodec_master_clock/inst/mmcm_adv_inst} -of_object [get_pins -filter {DIRECTION==IN} -of_objects [get_nets -hierarchical -filter {PARENT=="skrach_design_i/clk_wiz_1/inst/clk_out1"}]]]
resize_pblock [get_pblocks {CLKAG_skrach_design_i/clk_wiz_1/inst/clk_out1}] -add {CLOCKREGION_X0Y1:CLOCKREGION_X0Y1 CLOCKREGION_X0Y2:CLOCKREGION_X0Y2 CLOCKREGION_X0Y3:CLOCKREGION_X0Y3 CLOCKREGION_X1Y1:CLOCKREGION_X1Y1 CLOCKREGION_X1Y2:CLOCKREGION_X1Y2 CLOCKREGION_X1Y3:CLOCKREGION_X1Y3}
#endgroup
